2026-01-21 23:05:52,093 - INFO - Processing request of type ListToolsRequest
2026-01-21 23:06:30,533 - INFO - Processing request of type ListToolsRequest
2026-01-21 23:09:06,525 - INFO - Processing request of type ListToolsRequest
2026-01-21 23:10:32,419 - INFO - Processing request of type ListToolsRequest
2026-01-21 23:10:34,080 - INFO - Processing request of type CallToolRequest
2026-01-21 23:10:34,082 - INFO - Tool called: vanya_hallo, args: {}
2026-01-21 23:12:05,326 - INFO - Processing request of type ListToolsRequest
2026-01-21 23:12:07,979 - INFO - Processing request of type CallToolRequest
2026-01-21 23:12:07,982 - INFO - Tool called: process_url, args: {'url': 'https://neiloseman.com/above-the-clouds-summer-2017-pick-ups/'}
2026-01-21 23:12:09,883 - INFO - Extracted MD length: 4714 for https://neiloseman.com/above-the-clouds-summer-2017-pick-ups/
2026-01-21 23:18:36,776 - INFO - Processing request of type ListToolsRequest
2026-01-21 23:18:39,836 - INFO - Processing request of type CallToolRequest
2026-01-21 23:18:39,839 - INFO - Tool called: read_processed_md, args: {'filepath': '/var/www/chanker_vanya/raw_md/index_231209.md'}
2026-01-21 23:18:44,698 - INFO - Processing request of type CallToolRequest
2026-01-21 23:18:44,704 - INFO - Tool called: store_lumina_chunk, args: {'axis': 'Optical', 'content': "The team used a Canon 5D Mk III paired with an Asahi Pentax-M 50mm/f1.4 vintage K-mount lens (mounted via passive EF adapter). This 50mm focal length on full-frame is equivalent to 32mm on Super 35, matching the principal photography's most-used lenses. A half Soft FX filter was added for diffusion. For day-to-day car tracking shots, a Blackmagic Micro Cinema Camera was mounted with vibration-dampening clamps to a roof rack. Lenses were fixed focus at approx. 6m with variable ND filter adjustments made manually during takes. All map sequences were shot at f1.4 to create shallow depth of field, requiring 0.45 ND filters for daylight exposure control. The camera output was recorded via HDMI to a Blackmagic Video Assist using ProRes 422 HQ.", 'source_url': 'https://neiloseman.com/above-the-clouds-summer-2017-pick-ups/', 'tags': ['Canon 5D Mk III', 'Asahi Pentax-M 50mm/f1.4', 'Blackmagic Micro Cinema Camera', 'ND filter', 'Soft FX filter', 'ProRes 422 HQ', 'focal_length', 'aperture', 'full-frame']}
2026-01-21 23:18:44,705 - INFO - Stored chunk: /var/www/chanker_vanya/data_chunks/Optical/231844_chunk.md
2026-01-21 23:19:27,612 - INFO - Processing request of type CallToolRequest
2026-01-21 23:19:27,617 - INFO - Tool called: store_lumina_chunk, args: {'axis': 'Luminance', 'content': "The lighting strategy involved two key approaches. First, a simulated 'high altitude natural light' with hard sun source + ambient toplight. Second, a practical 'DIY studio' setup mimicking the lead character's map-making: tungsten Chinese lanterns for soft ambient fill, a blue-LED desk lamp for moonlight simulation, and LED fairy lights as stylized streetlights. A unique solution was integrating diffusion filters into practical lamp shades (on the camera side) to compensate for the 5D's limited dynamic range. The color temperature contrast between warm tungsten (2800K) lanterns, cool blue LED moonlight (5600K), and soft fill was used to enhance the 'toy-sized world' metaphor. Hard-source tracking car shots contrasted with the soft, ambient-rich map sequences.", 'source_url': 'https://neiloseman.com/above-the-clouds-summer-2017-pick-ups/', 'tags': ['hard light', 'soft light', 'tungsten', 'LED', 'temperature', 'diffuser', 'keylight', 'rim_light', 'contrast']}
2026-01-21 23:19:27,619 - INFO - Stored chunk: /var/www/chanker_vanya/data_chunks/Luminance/231927_chunk.md
2026-01-21 23:20:18,486 - INFO - Processing request of type CallToolRequest
2026-01-21 23:20:18,492 - INFO - Tool called: store_lumina_chunk, args: {'axis': 'Material', 'content': 'Physical elements included: Ordnance Survey map constructed from found objects (metallic scraps, paper, plastic) to create tactile mixed-media texture; vintage Asahi Pentax-M 50mm/f1.4 lens with passive EF adapter; jib-mounted Blackmagic camera system; Chinese lanterns with tough-spun diffuser in practical shades; LED fairy lights and tungsten lamps as light-modifying materials; 0.45 ND filters and half Soft FX filter modifying light quality. Textural contrast was achieved through: a) weathered map surface vs. smooth camera body; b) warm filament glow of practicals vs. cool digital recording; c) soft diffusion material in lamp shades vs. sharp map details.', 'source_url': 'https://neiloseman.com/above-the-clouds-summer-2017-pick-ups/', 'tags': ['mixed-media', 'diffuser', 'practical_light', 'ND_filter', 'Soft_FX_filter', 'weathering', 'lens_adapter']}
2026-01-21 23:20:18,495 - INFO - Stored chunk: /var/www/chanker_vanya/data_chunks/Material/232018_chunk.md
2026-01-21 23:21:13,762 - INFO - Processing request of type CallToolRequest
2026-01-21 23:21:13,777 - INFO - Tool called: store_lumina_chunk, args: {'axis': 'Psychographic', 'content': "The map's 'toy-like' aesthetic reinforced narrative themes of small-scale adventure in a vast world. The choice to use practical lighting (Chinese lanterns, fairy lights) instead of studio-grade equipment suggested the lead character Charlie's DIY ethos, creating an archetypal 'artist-craftsperson' persona. The deliberately limited depth of field (f1.4) exaggerated miniature effect, enhancing the story's sense of whimsy and fragility. The contrast between principal photography's real-world locations and the map's stylized representation embodied a 'reality vs metaphor' duality. The warm, diffused lighting versus sharp LED 'moonlight' created emotional tension between safety and mystery in nighttime scenes.", 'source_url': 'https://neiloseman.com/above-the-clouds-summer-2017-pick-ups/', 'tags': ['miniature_effect', 'DIY_aesthetic', 'whimsy', 'fragility', 'reality-metaphor', 'emotional_tension']}
2026-01-21 23:21:13,782 - INFO - Stored chunk: /var/www/chanker_vanya/data_chunks/Psychographic/232113_chunk.md
2026-01-21 23:22:14,453 - INFO - Processing request of type CallToolRequest
2026-01-21 23:22:14,459 - INFO - Tool called: store_lumina_chunk, args: {'axis': 'Compositional', 'content': "Key framing decisions included central composition of moving cars in wide shots to maximize bend-turn space, and extreme close-ups for the map's miniature details. The jib-mounted camera used sweeping arcs over the map surface, creating dynamic perspective shifts as it 'hovered' over the terrain. Fixed focus framing maintained consistent depth relationships between characters and environment. The 50mm lens (equivalent to 32mm on Super 35) created compressed spatial relationships in map scenes, contrasting with the wide-angle framing of real-world car tracking shots. Nighttime sequences used soft focus transitions between practical lights and background map elements to enhance the 'magical domesticity' theme.", 'source_url': 'https://neiloseman.com/above-the-clouds-summer-2017-pick-ups/', 'tags': ['jib_movement', 'central_composition', 'fixed_focus', 'wide_shot', 'close_up', 'perspective_shift', 'depth_compression']}
2026-01-21 23:22:14,461 - INFO - Stored chunk: /var/www/chanker_vanya/data_chunks/Compositional/232214_chunk.md
